// Jest Snapshot v1, https://goo.gl/fbAQLP

exports[`something 1`] = `<div />`;
